Archive member included to satisfy reference by file (symbol)

e:/ides/gcc-arm-none-eabi/5.4 2016q2/bin/../lib/gcc/arm-none-eabi/5.4.1/../../../../arm-none-eabi/lib/armv7-m\libg_nano.a(lib_a-ctype_.o)
                              ./system/src/newlib/_syscalls.o (__ctype_ptr__)
e:/ides/gcc-arm-none-eabi/5.4 2016q2/bin/../lib/gcc/arm-none-eabi/5.4.1/../../../../arm-none-eabi/lib/armv7-m\libg_nano.a(lib_a-errno.o)
                              ./system/src/newlib/_sbrk.o (__errno)
e:/ides/gcc-arm-none-eabi/5.4 2016q2/bin/../lib/gcc/arm-none-eabi/5.4.1/../../../../arm-none-eabi/lib/armv7-m\libg_nano.a(lib_a-findfp.o)
                              ./system/src/newlib/_syscalls.o (__sinit)
e:/ides/gcc-arm-none-eabi/5.4 2016q2/bin/../lib/gcc/arm-none-eabi/5.4.1/../../../../arm-none-eabi/lib/armv7-m\libg_nano.a(lib_a-fwalk.o)
                              e:/ides/gcc-arm-none-eabi/5.4 2016q2/bin/../lib/gcc/arm-none-eabi/5.4.1/../../../../arm-none-eabi/lib/armv7-m\libg_nano.a(lib_a-findfp.o) (_fwalk)
e:/ides/gcc-arm-none-eabi/5.4 2016q2/bin/../lib/gcc/arm-none-eabi/5.4.1/../../../../arm-none-eabi/lib/armv7-m\libg_nano.a(lib_a-impure.o)
                              e:/ides/gcc-arm-none-eabi/5.4 2016q2/bin/../lib/gcc/arm-none-eabi/5.4.1/../../../../arm-none-eabi/lib/armv7-m\libg_nano.a(lib_a-findfp.o) (_global_impure_ptr)
e:/ides/gcc-arm-none-eabi/5.4 2016q2/bin/../lib/gcc/arm-none-eabi/5.4.1/../../../../arm-none-eabi/lib/armv7-m\libg_nano.a(lib_a-memset.o)
                              ./system/src/newlib/_syscalls.o (memset)
e:/ides/gcc-arm-none-eabi/5.4 2016q2/bin/../lib/gcc/arm-none-eabi/5.4.1/../../../../arm-none-eabi/lib/armv7-m\libg_nano.a(lib_a-nano-mallocr.o)
                              e:/ides/gcc-arm-none-eabi/5.4 2016q2/bin/../lib/gcc/arm-none-eabi/5.4.1/../../../../arm-none-eabi/lib/armv7-m\libg_nano.a(lib_a-findfp.o) (_malloc_r)
e:/ides/gcc-arm-none-eabi/5.4 2016q2/bin/../lib/gcc/arm-none-eabi/5.4.1/../../../../arm-none-eabi/lib/armv7-m\libg_nano.a(lib_a-sbrkr.o)
                              e:/ides/gcc-arm-none-eabi/5.4 2016q2/bin/../lib/gcc/arm-none-eabi/5.4.1/../../../../arm-none-eabi/lib/armv7-m\libg_nano.a(lib_a-nano-mallocr.o) (_sbrk_r)
e:/ides/gcc-arm-none-eabi/5.4 2016q2/bin/../lib/gcc/arm-none-eabi/5.4.1/../../../../arm-none-eabi/lib/armv7-m\libg_nano.a(lib_a-stdio.o)
                              e:/ides/gcc-arm-none-eabi/5.4 2016q2/bin/../lib/gcc/arm-none-eabi/5.4.1/../../../../arm-none-eabi/lib/armv7-m\libg_nano.a(lib_a-findfp.o) (__sread)
e:/ides/gcc-arm-none-eabi/5.4 2016q2/bin/../lib/gcc/arm-none-eabi/5.4.1/../../../../arm-none-eabi/lib/armv7-m\libg_nano.a(lib_a-strcmp.o)
                              ./system/src/cortexm/exception_handlers.o (strcmp)
e:/ides/gcc-arm-none-eabi/5.4 2016q2/bin/../lib/gcc/arm-none-eabi/5.4.1/../../../../arm-none-eabi/lib/armv7-m\libg_nano.a(lib_a-strlen.o)
                              ./system/src/newlib/_syscalls.o (strlen)
e:/ides/gcc-arm-none-eabi/5.4 2016q2/bin/../lib/gcc/arm-none-eabi/5.4.1/../../../../arm-none-eabi/lib/armv7-m\libg_nano.a(lib_a-strncpy.o)
                              ./system/src/newlib/_syscalls.o (strncpy)
e:/ides/gcc-arm-none-eabi/5.4 2016q2/bin/../lib/gcc/arm-none-eabi/5.4.1/../../../../arm-none-eabi/lib/armv7-m\libg_nano.a(lib_a-vsnprintf.o)
                              ./system/src/diag/Trace.o (vsnprintf)
e:/ides/gcc-arm-none-eabi/5.4 2016q2/bin/../lib/gcc/arm-none-eabi/5.4.1/../../../../arm-none-eabi/lib/armv7-m\libg_nano.a(lib_a-writer.o)
                              e:/ides/gcc-arm-none-eabi/5.4 2016q2/bin/../lib/gcc/arm-none-eabi/5.4.1/../../../../arm-none-eabi/lib/armv7-m\libg_nano.a(lib_a-stdio.o) (_write_r)
e:/ides/gcc-arm-none-eabi/5.4 2016q2/bin/../lib/gcc/arm-none-eabi/5.4.1/../../../../arm-none-eabi/lib/armv7-m\libg_nano.a(lib_a-closer.o)
                              e:/ides/gcc-arm-none-eabi/5.4 2016q2/bin/../lib/gcc/arm-none-eabi/5.4.1/../../../../arm-none-eabi/lib/armv7-m\libg_nano.a(lib_a-stdio.o) (_close_r)
e:/ides/gcc-arm-none-eabi/5.4 2016q2/bin/../lib/gcc/arm-none-eabi/5.4.1/../../../../arm-none-eabi/lib/armv7-m\libg_nano.a(lib_a-fflush.o)
                              e:/ides/gcc-arm-none-eabi/5.4 2016q2/bin/../lib/gcc/arm-none-eabi/5.4.1/../../../../arm-none-eabi/lib/armv7-m\libg_nano.a(lib_a-findfp.o) (_fflush_r)
e:/ides/gcc-arm-none-eabi/5.4 2016q2/bin/../lib/gcc/arm-none-eabi/5.4.1/../../../../arm-none-eabi/lib/armv7-m\libg_nano.a(lib_a-lseekr.o)
                              e:/ides/gcc-arm-none-eabi/5.4 2016q2/bin/../lib/gcc/arm-none-eabi/5.4.1/../../../../arm-none-eabi/lib/armv7-m\libg_nano.a(lib_a-stdio.o) (_lseek_r)
e:/ides/gcc-arm-none-eabi/5.4 2016q2/bin/../lib/gcc/arm-none-eabi/5.4.1/../../../../arm-none-eabi/lib/armv7-m\libg_nano.a(lib_a-mlock.o)
                              e:/ides/gcc-arm-none-eabi/5.4 2016q2/bin/../lib/gcc/arm-none-eabi/5.4.1/../../../../arm-none-eabi/lib/armv7-m\libg_nano.a(lib_a-nano-mallocr.o) (__malloc_lock)
[...]
Memory Configuration

Name             Origin             Length             Attributes
RAM              0x20000000         0x00005000         xrw
CCMRAM           0x00000000         0x00000000         xrw
FLASH            0x08000000         0x00020000         xr
FLASHB1          0x00000000         0x00000000         xr
EXTMEMB0         0x00000000         0x00000000         xr
EXTMEMB1         0x00000000         0x00000000         xr
EXTMEMB2         0x00000000         0x00000000         xr
EXTMEMB3         0x00000000         0x00000000         xr
MEMORY_ARRAY     0x00000000         0x00000000         xrw
*default*        0x00000000         0xffffffff

Linker script and memory map

LOAD ./system/src/stm32f1-stdperiph/misc.o
LOAD ./system/src/stm32f1-stdperiph/stm32f10x_gpio.o
LOAD ./system/src/stm32f1-stdperiph/stm32f10x_rcc.o
LOAD ./system/src/newlib/_cxx.o
LOAD ./system/src/newlib/_exit.o
LOAD ./system/src/newlib/_sbrk.o
LOAD ./system/src/newlib/_startup.o
LOAD ./system/src/newlib/_syscalls.o
LOAD ./system/src/newlib/assert.o
LOAD ./system/src/diag/Trace.o
LOAD ./system/src/diag/trace_impl.o
LOAD ./system/src/cortexm/_initialize_hardware.o
LOAD ./system/src/cortexm/_reset_hardware.o
LOAD ./system/src/cortexm/exception_handlers.o
LOAD ./system/src/cmsis/system_stm32f10x.o
LOAD ./system/src/cmsis/vectors_stm32f10x.o
LOAD ./src/main.o
LOAD e:/ides/gcc-arm-none-eabi/5.4 2016q2/bin/../lib/gcc/arm-none-eabi/5.4.1/../../../../arm-none-eabi/lib/armv7-m\libstdc++_nano.a
LOAD e:/ides/gcc-arm-none-eabi/5.4 2016q2/bin/../lib/gcc/arm-none-eabi/5.4.1/../../../../arm-none-eabi/lib/armv7-m\libm.a
START GROUP
LOAD e:/ides/gcc-arm-none-eabi/5.4 2016q2/bin/../lib/gcc/arm-none-eabi/5.4.1/armv7-m\libgcc.a
LOAD e:/ides/gcc-arm-none-eabi/5.4 2016q2/bin/../lib/gcc/arm-none-eabi/5.4.1/../../../../arm-none-eabi/lib/armv7-m\libg_nano.a
LOAD e:/ides/gcc-arm-none-eabi/5.4 2016q2/bin/../lib/gcc/arm-none-eabi/5.4.1/../../../../arm-none-eabi/lib/armv7-m\libc_nano.a
END GROUP
START GROUP
LOAD e:/ides/gcc-arm-none-eabi/5.4 2016q2/bin/../lib/gcc/arm-none-eabi/5.4.1/armv7-m\libgcc.a
LOAD e:/ides/gcc-arm-none-eabi/5.4 2016q2/bin/../lib/gcc/arm-none-eabi/5.4.1/../../../../arm-none-eabi/lib/armv7-m\libc_nano.a
END GROUP
                0x20005000                __stack = (ORIGIN (RAM) + LENGTH (RAM))
                0x20005000                _estack = __stack
                0x00000400                __Main_Stack_Size = 0x400
                [!provide]                PROVIDE (_Main_Stack_Size, __Main_Stack_Size)
                0x20004c00                __Main_Stack_Limit = (__stack - __Main_Stack_Size)
                [!provide]                PROVIDE (_Main_Stack_Limit, __Main_Stack_Limit)
                0x00000100                _Minimum_Stack_Size = 0x100
                0x2000026c                PROVIDE (_Heap_Begin, _end_noinit)
                0x20004c00                PROVIDE (_Heap_Limit, (__stack - __Main_Stack_Size))

.isr_vector     0x08000000      0x354
 FILL mask 0xff
                0x08000000                __vectors_start = ABSOLUTE (.)
                0x08000000                __vectors_start__ = ABSOLUTE (.)
 *(.isr_vector)
 .isr_vector    0x08000000      0x10c ./system/src/cmsis/vectors_stm32f10x.o
                0x08000000                __isr_vectors
 *(.cfmconfig)
 *(.after_vectors .after_vectors.*)
 .after_vectors
                0x0800010c      0x114 ./system/src/newlib/_startup.o
                0x0800010c                _start
 .after_vectors
                0x08000220      0x130 ./system/src/cortexm/exception_handlers.o
                0x08000220                Reset_Handler
                0x08000228                NMI_Handler
                0x0800022c                HardFault_Handler
                0x08000240                HardFault_Handler_C
                0x080002a0                MemManage_Handler
                0x080002a4                BusFault_Handler
                0x080002b8                BusFault_Handler_C
                0x080002ec                UsageFault_Handler
                0x08000300                UsageFault_Handler_C
                0x08000334                SVC_Handler
                0x08000338                DebugMon_Handler
                0x0800033c                PendSV_Handler
                0x08000340                SysTick_Handler
 .after_vectors
                0x08000350        0x4 ./system/src/cmsis/vectors_stm32f10x.o
                0x08000350                EXTI2_IRQHandler
                0x08000350                TIM8_TRG_COM_IRQHandler
                0x08000350                TIM8_CC_IRQHandler
                0x08000350                TIM1_CC_IRQHandler
                0x08000350                TIM6_IRQHandler
                0x08000350                PVD_IRQHandler
                0x08000350                SDIO_IRQHandler
                0x08000350                CAN2_RX1_IRQHandler
                0x08000350                EXTI3_IRQHandler
                0x08000350                TIM8_TRG_COM_TIM14_IRQHandler
                0x08000350                TIM1_UP_TIM10_IRQHandler
                0x08000350                TIM8_UP_TIM13_IRQHandler
                0x08000350                EXTI0_IRQHandler
                0x08000350                I2C2_EV_IRQHandler
                0x08000350                CAN1_RX0_IRQHandler
                0x08000350                TIM1_UP_TIM16_IRQHandler
                0x08000350                CAN2_SCE_IRQHandler
                0x08000350                ADC1_2_IRQHandler
                0x08000350                SPI1_IRQHandler
                0x08000350                TAMPER_IRQHandler
                0x08000350                TIM6_DAC_IRQHandler
                0x08000350                TIM1_BRK_TIM9_IRQHandler
                0x08000350                CAN2_RX0_IRQHandler
                0x08000350                TIM8_UP_IRQHandler
                0x08000350                DMA2_Channel2_IRQHandler
                0x08000350                DMA1_Channel4_IRQHandler
                0x08000350                USART3_IRQHandler
                0x08000350                RTC_IRQHandler
                0x08000350                DMA1_Channel7_IRQHandler
                0x08000350                CAN1_RX1_IRQHandler
                0x08000350                UART5_IRQHandler
                0x08000350                ADC3_IRQHandler
                0x08000350                TIM4_IRQHandler
                0x08000350                DMA2_Channel1_IRQHandler
                0x08000350                I2C1_EV_IRQHandler
                0x08000350                DMA1_Channel6_IRQHandler
                0x08000350                UART4_IRQHandler
                0x08000350                DMA2_Channel4_IRQHandler
                0x08000350                TIM3_IRQHandler
                0x08000350                RCC_IRQHandler
                0x08000350                TIM8_BRK_TIM12_IRQHandler
                0x08000350                TIM1_TRG_COM_IRQHandler
                0x08000350                DMA1_Channel1_IRQHandler
                0x08000350                Default_Handler
                0x08000350                CEC_IRQHandler
                0x08000350                EXTI15_10_IRQHandler
                0x08000350                TIM14_IRQHandler
                0x08000350                TIM13_IRQHandler
                0x08000350                TIM12_IRQHandler
                0x08000350                TIM7_IRQHandler
                0x08000350                CAN2_TX_IRQHandler
                0x08000350                TIM5_IRQHandler
                0x08000350                EXTI9_5_IRQHandler
                0x08000350                ETH_WKUP_IRQHandler
                0x08000350                SPI2_IRQHandler
                0x08000350                CAN1_TX_IRQHandler
                0x08000350                DMA2_Channel5_IRQHandler
                0x08000350                DMA1_Channel5_IRQHandler
                0x08000350                EXTI4_IRQHandler
                0x08000350                USB_LP_CAN1_RX0_IRQHandler
                0x08000350                TIM1_TRG_COM_TIM17_IRQHandler
                0x08000350                USB_HP_CAN1_TX_IRQHandler
                0x08000350                DMA1_Channel3_IRQHandler
                0x08000350                FSMC_IRQHandler
                0x08000350                ETH_IRQHandler
                0x08000350                TIM1_UP_IRQHandler
                0x08000350                WWDG_IRQHandler
                0x08000350                TIM2_IRQHandler
                0x08000350                OTG_FS_WKUP_IRQHandler
                0x08000350                TIM1_TRG_COM_TIM11_IRQHandler
                0x08000350                TIM1_BRK_IRQHandler
                0x08000350                EXTI1_IRQHandler
                0x08000350                RTCAlarm_IRQHandler
                0x08000350                DMA2_Channel4_5_IRQHandler
                0x08000350                USART2_IRQHandler
                0x08000350                I2C2_ER_IRQHandler
                0x08000350                DMA1_Channel2_IRQHandler
                0x08000350                TIM8_BRK_IRQHandler
                0x08000350                CAN1_SCE_IRQHandler
                0x08000350                FLASH_IRQHandler
                0x08000350                USART1_IRQHandler
                0x08000350                OTG_FS_IRQHandler
                0x08000350                SPI3_IRQHandler
                0x08000350                I2C1_ER_IRQHandler
                0x08000350                USBWakeUp_IRQHandler
                0x08000350                DMA2_Channel3_IRQHandler
                0x08000350                TIM1_BRK_TIM15_IRQHandler

.inits          0x08000354       0x28
                0x08000354                __data_regions_array_start = .
                0x08000354        0x4 LONG 0x8001da4 LOADADDR (.data)
                0x08000358        0x4 LONG 0x20000000 ADDR (.data)
                0x0800035c        0x4 LONG 0x20000098 (ADDR (.data) + SIZEOF (.data))
                0x08000360        0x4 LONG 0x8001da4 LOADADDR (.data_CCMRAM)
                0x08000364        0x4 LONG 0x0 ADDR (.data_CCMRAM)
                0x08000368        0x4 LONG 0x0 (ADDR (.data_CCMRAM) + SIZEOF (.data_CCMRAM))
                0x0800036c                __data_regions_array_end = .
                0x0800036c                __bss_regions_array_start = .
                0x0800036c        0x4 LONG 0x20000098 ADDR (.bss)
                0x08000370        0x4 LONG 0x2000026c (ADDR (.bss) + SIZEOF (.bss))
                0x08000374        0x4 LONG 0x0 ADDR (.bss_CCMRAM)
                0x08000378        0x4 LONG 0x0 (ADDR (.bss_CCMRAM) + SIZEOF (.bss_CCMRAM))
                0x0800037c                __bss_regions_array_end = .
 *(.init)
 *(.fini)
                0x0800037c                . = ALIGN (0x4)
                0x0800037c                PROVIDE (__preinit_array_start, .)
 *(.preinit_array_sysinit .preinit_array_sysinit.*)
 *(.preinit_array_platform .preinit_array_platform.*)
 *(.preinit_array .preinit_array.*)
                0x0800037c                PROVIDE (__preinit_array_end, .)
                0x0800037c                . = ALIGN (0x4)
                0x0800037c                PROVIDE (__init_array_start, .)
 *(SORT(.init_array.*))
 *(.init_array)
                0x0800037c                PROVIDE (__init_array_end, .)
                0x0800037c                . = ALIGN (0x4)
                0x0800037c                PROVIDE (__fini_array_start, .)
 *(SORT(.fini_array.*))
 *(.fini_array)
                0x0800037c                PROVIDE (__fini_array_end, .)

.flashtext
 *(.flashtext .flashtext.*)

.text           0x0800037c     0x1a25
 *(.text .text.*)
 .text.GPIO_Init
                0x0800037c      0x128 ./system/src/stm32f1-stdperiph/stm32f10x_gpio.o
                0x0800037c                GPIO_Init
 .text.GPIO_SetBits
                0x080004a4       0x60 ./system/src/stm32f1-stdperiph/stm32f10x_gpio.o
                0x080004a4                GPIO_SetBits
 .text.GPIO_ResetBits
                0x08000504       0x60 ./system/src/stm32f1-stdperiph/stm32f10x_gpio.o
                0x08000504                GPIO_ResetBits
 .text.GPIO_WriteBit
                0x08000564       0xc4 ./system/src/stm32f1-stdperiph/stm32f10x_gpio.o
                0x08000564                GPIO_WriteBit
 .text.RCC_GetClocksFreq
                0x08000628       0xbc ./system/src/stm32f1-stdperiph/stm32f10x_rcc.o
                0x08000628                RCC_GetClocksFreq
 .text.RCC_APB2PeriphClockCmd
                0x080006e4       0x4c ./system/src/stm32f1-stdperiph/stm32f10x_rcc.o
                0x080006e4                RCC_APB2PeriphClockCmd
 .text.abort    0x08000730       0x14 ./system/src/newlib/_exit.o
                0x08000730                abort
 .text._sbrk    0x08000744       0x44 ./system/src/newlib/_sbrk.o
                0x08000744                _sbrk
 .text._exit    0x08000788       0x20 ./system/src/newlib/_syscalls.o
                0x08000788                _exit
 .text.initialise_monitor_handles
                0x080007a8       0xa8 ./system/src/newlib/_syscalls.o
                0x080007a8                initialise_monitor_handles
 .text.__initialize_args
                0x08000850       0xd8 ./system/src/newlib/_syscalls.o
                0x08000850                __initialize_args
 .text.assert_failed
                0x08000928       0x14 ./system/src/newlib/assert.o
                0x08000928                assert_failed
 .text.trace_printf
                0x0800093c       0x30 ./system/src/diag/Trace.o
                0x0800093c                trace_printf
 .text.trace_puts
                0x0800096c       0x20 ./system/src/diag/Trace.o
                0x0800096c                trace_puts
 .text._trace_write_semihosting_debug
                0x0800098c       0x64 ./system/src/diag/trace_impl.o
 .text.trace_write
                0x080009f0        0x8 ./system/src/diag/trace_impl.o
                0x080009f0                trace_write
 .text.__initialize_hardware_early
                0x080009f8       0x18 ./system/src/cortexm/_initialize_hardware.o
                0x080009f8                __initialize_hardware_early
 .text.__initialize_hardware
                0x08000a10        0x8 ./system/src/cortexm/_initialize_hardware.o
                0x08000a10                __initialize_hardware
 .text.dumpExceptionStack
                0x08000a18       0xf0 ./system/src/cortexm/exception_handlers.o
                0x08000a18                dumpExceptionStack
 .text.isSemihosting
                0x08000b08      0x100 ./system/src/cortexm/exception_handlers.o
                0x08000b08                isSemihosting
 .text.SetSysClockTo72
                0x08000c08       0xc4 ./system/src/cmsis/system_stm32f10x.o
 .text.SetSysClock
                0x08000ccc        0x8 ./system/src/cmsis/system_stm32f10x.o
 .text.SystemInit
                0x08000cd4       0x50 ./system/src/cmsis/system_stm32f10x.o
                0x08000cd4                SystemInit
 .text.SystemCoreClockUpdate
                0x08000d24       0x94 ./system/src/cmsis/system_stm32f10x.o
                0x08000d24                SystemCoreClockUpdate
 .text.hd44780_wr_hi_nibble
                0x08000db8       0x90 ./src/main.o
                0x08000db8                hd44780_wr_hi_nibble
 .text.hd44780_wr_lo_nibble
                0x08000e48       0x90 ./src/main.o
                0x08000e48                hd44780_wr_lo_nibble
 .text.hd44780_write
                0x08000ed8       0x10 ./src/main.o
                0x08000ed8                hd44780_write
 .text.hd44780_wr_cmd
                0x08000ee8       0x1c ./src/main.o
                0x08000ee8                hd44780_wr_cmd
 .text.hd44780_wr_data
                0x08000f04       0x1c ./src/main.o
                0x08000f04                hd44780_wr_data
 .text.HD44780_Init
                0x08000f20       0xcc ./src/main.o
                0x08000f20                HD44780_Init
 .text.HD44780_PutChar
                0x08000fec        0x8 ./src/main.o
                0x08000fec                HD44780_PutChar
 .text.HD44780_GotoXY
                0x08000ff4       0x38 ./src/main.o
                0x08000ff4                HD44780_GotoXY
 .text.HD44780_PutStr
                0x0800102c       0x24 ./src/main.o
                0x0800102c                HD44780_PutStr
 .text.HD44780_ClrScr
                0x08001050        0xc ./src/main.o
                0x08001050                HD44780_ClrScr
 .text.main     0x0800105c       0x70 ./src/main.o
                0x0800105c                main
 .text.__errno  0x080010cc        0xc e:/ides/gcc-arm-none-eabi/5.4 2016q2/bin/../lib/gcc/arm-none-eabi/5.4.1/../../../../arm-none-eabi/lib/armv7-m\libg_nano.a(lib_a-errno.o)
                0x080010cc                __errno
 .text._malloc_r
                0x080010d8       0xbc e:/ides/gcc-arm-none-eabi/5.4 2016q2/bin/../lib/gcc/arm-none-eabi/5.4.1/../../../../arm-none-eabi/lib/armv7-m\libg_nano.a(lib_a-nano-mallocr.o)
                0x080010d8                _malloc_r
 .text._sbrk_r  0x08001194       0x20 e:/ides/gcc-arm-none-eabi/5.4 2016q2/bin/../lib/gcc/arm-none-eabi/5.4.1/../../../../arm-none-eabi/lib/armv7-m\libg_nano.a(lib_a-sbrkr.o)
                0x08001194                _sbrk_r
 .text          0x080011b4       0x14 e:/ides/gcc-arm-none-eabi/5.4 2016q2/bin/../lib/gcc/arm-none-eabi/5.4.1/../../../../arm-none-eabi/lib/armv7-m\libg_nano.a(lib_a-strcmp.o)
                0x080011b4                strcmp
 .text          0x080011c8       0x10 e:/ides/gcc-arm-none-eabi/5.4 2016q2/bin/../lib/gcc/arm-none-eabi/5.4.1/../../../../arm-none-eabi/lib/armv7-m\libg_nano.a(lib_a-strlen.o)
                0x080011c8                strlen
 .text._vsnprintf_r
                0x080011d8       0x56 e:/ides/gcc-arm-none-eabi/5.4 2016q2/bin/../lib/gcc/arm-none-eabi/5.4.1/../../../../arm-none-eabi/lib/armv7-m\libg_nano.a(lib_a-vsnprintf.o)
                0x080011d8                _vsniprintf_r
                0x080011d8                _vsnprintf_r
 *fill*         0x0800122e        0x2 
 .text.vsnprintf
                0x08001230       0x1c e:/ides/gcc-arm-none-eabi/5.4 2016q2/bin/../lib/gcc/arm-none-eabi/5.4.1/../../../../arm-none-eabi/lib/armv7-m\libg_nano.a(lib_a-vsnprintf.o)
                0x08001230                vsniprintf
                0x08001230                vsnprintf
 .text.__malloc_lock
                0x0800124c        0x2 e:/ides/gcc-arm-none-eabi/5.4 2016q2/bin/../lib/gcc/arm-none-eabi/5.4.1/../../../../arm-none-eabi/lib/armv7-m\libg_nano.a(lib_a-mlock.o)
                0x0800124c                __malloc_lock
 .text.__malloc_unlock
                0x0800124e        0x2 e:/ides/gcc-arm-none-eabi/5.4 2016q2/bin/../lib/gcc/arm-none-eabi/5.4.1/../../../../arm-none-eabi/lib/armv7-m\libg_nano.a(lib_a-mlock.o)
                0x0800124e                __malloc_unlock
 .text._free_r  0x08001250       0x98 e:/ides/gcc-arm-none-eabi/5.4 2016q2/bin/../lib/gcc/arm-none-eabi/5.4.1/../../../../arm-none-eabi/lib/armv7-m\libg_nano.a(lib_a-nano-freer.o)
                0x08001250                _free_r
 .text.__ssputs_r
                0x080012e8       0xb2 e:/ides/gcc-arm-none-eabi/5.4 2016q2/bin/../lib/gcc/arm-none-eabi/5.4.1/../../../../arm-none-eabi/lib/armv7-m\libg_nano.a(lib_a-nano-svfprintf.o)
                0x080012e8                __ssputs_r
 *fill*         0x0800139a        0x2 
 .text._svfprintf_r
                0x0800139c      0x1e8 e:/ides/gcc-arm-none-eabi/5.4 2016q2/bin/../lib/gcc/arm-none-eabi/5.4.1/../../../../arm-none-eabi/lib/armv7-m\libg_nano.a(lib_a-nano-svfprintf.o)
                0x0800139c                _svfiprintf_r
                0x0800139c                _svfprintf_r
 .text._printf_common
                0x08001584       0xec e:/ides/gcc-arm-none-eabi/5.4 2016q2/bin/../lib/gcc/arm-none-eabi/5.4.1/../../../../arm-none-eabi/lib/armv7-m\libg_nano.a(lib_a-nano-vfprintf_i.o)
                0x08001584                _printf_common
 .text._printf_i
                0x08001670      0x24c e:/ides/gcc-arm-none-eabi/5.4 2016q2/bin/../lib/gcc/arm-none-eabi/5.4.1/../../../../arm-none-eabi/lib/armv7-m\libg_nano.a(lib_a-nano-vfprintf_i.o)
                0x08001670                _printf_i
 .text.memchr   0x080018bc       0x1c e:/ides/gcc-arm-none-eabi/5.4 2016q2/bin/../lib/gcc/arm-none-eabi/5.4.1/../../../../arm-none-eabi/lib/armv7-m\libg_nano.a(lib_a-memchr-stub.o)
                0x080018bc                memchr
 .text.memcpy   0x080018d8       0x16 e:/ides/gcc-arm-none-eabi/5.4 2016q2/bin/../lib/gcc/arm-none-eabi/5.4.1/../../../../arm-none-eabi/lib/armv7-m\libg_nano.a(lib_a-memcpy-stub.o)
                0x080018d8                memcpy
 .text.memmove  0x080018ee       0x36 e:/ides/gcc-arm-none-eabi/5.4 2016q2/bin/../lib/gcc/arm-none-eabi/5.4.1/../../../../arm-none-eabi/lib/armv7-m\libg_nano.a(lib_a-memmove.o)
                0x080018ee                memmove
 .text._realloc_r
                0x08001924       0x4c e:/ides/gcc-arm-none-eabi/5.4 2016q2/bin/../lib/gcc/arm-none-eabi/5.4.1/../../../../arm-none-eabi/lib/armv7-m\libg_nano.a(lib_a-nano-reallocr.o)
                0x08001924                _realloc_r
 .text._malloc_usable_size_r
                0x08001970       0x14 e:/ides/gcc-arm-none-eabi/5.4 2016q2/bin/../lib/gcc/arm-none-eabi/5.4.1/../../../../arm-none-eabi/lib/armv7-m\libg_nano.a(lib_a-nano-msizer.o)
                0x08001970                _malloc_usable_size_r
 *(.rodata .rodata.* .constdata .constdata.*)
 .rodata.str1.4
                0x08001984       0x31 ./system/src/stm32f1-stdperiph/stm32f10x_gpio.o
 *fill*         0x080019b5        0x3 
 .rodata.str1.4
                0x080019b8       0x30 ./system/src/stm32f1-stdperiph/stm32f10x_rcc.o
 .rodata.str1.4
                0x080019e8       0x14 ./system/src/newlib/_exit.o
 .rodata.str1.4
                0x080019fc        0x9 ./system/src/newlib/_syscalls.o
 *fill*         0x08001a05        0x3 
 .rodata.str1.4
                0x08001a08       0x6b ./system/src/newlib/assert.o
                                 0x6f (size before relaxing)
 *fill*         0x08001a73        0x1 
 .rodata.str1.4
                0x08001a74       0x29 ./system/src/diag/Trace.o
                                 0x2d (size before relaxing)
 *fill*         0x08001a9d        0x3 
 .rodata.str1.4
                0x08001aa0      0x146 ./system/src/cortexm/exception_handlers.o
                                0x14a (size before relaxing)
 *fill*         0x08001be6        0x2 
 .rodata.str1.4
                0x08001be8       0x20 ./src/main.o
                                 0x1f (size before relaxing)
 .rodata._ctype_
                0x08001c08      0x101 e:/ides/gcc-arm-none-eabi/5.4 2016q2/bin/../lib/gcc/arm-none-eabi/5.4.1/../../../../arm-none-eabi/lib/armv7-m\libg_nano.a(lib_a-ctype_.o)
                0x08001c08                _ctype_
 *fill*         0x08001d09        0x3 
 .rodata.__sf_fake_stdin
                0x08001d0c       0x20 e:/ides/gcc-arm-none-eabi/5.4 2016q2/bin/../lib/gcc/arm-none-eabi/5.4.1/../../../../arm-none-eabi/lib/armv7-m\libg_nano.a(lib_a-findfp.o)
                0x08001d0c                __sf_fake_stdin
 .rodata.__sf_fake_stdout
                0x08001d2c       0x20 e:/ides/gcc-arm-none-eabi/5.4 2016q2/bin/../lib/gcc/arm-none-eabi/5.4.1/../../../../arm-none-eabi/lib/armv7-m\libg_nano.a(lib_a-findfp.o)
                0x08001d2c                __sf_fake_stdout
 .rodata.__sf_fake_stderr
                0x08001d4c       0x20 e:/ides/gcc-arm-none-eabi/5.4 2016q2/bin/../lib/gcc/arm-none-eabi/5.4.1/../../../../arm-none-eabi/lib/armv7-m\libg_nano.a(lib_a-findfp.o)
                0x08001d4c                __sf_fake_stderr
 .rodata.str1.1
                0x08001d6c        0x2 e:/ides/gcc-arm-none-eabi/5.4 2016q2/bin/../lib/gcc/arm-none-eabi/5.4.1/../../../../arm-none-eabi/lib/armv7-m\libg_nano.a(lib_a-impure.o)
 .rodata.str1.1
                0x08001d6e       0x11 e:/ides/gcc-arm-none-eabi/5.4 2016q2/bin/../lib/gcc/arm-none-eabi/5.4.1/../../../../arm-none-eabi/lib/armv7-m\libg_nano.a(lib_a-nano-svfprintf.o)
 .rodata.str1.1
                0x08001d7f       0x22 e:/ides/gcc-arm-none-eabi/5.4 2016q2/bin/../lib/gcc/arm-none-eabi/5.4.1/../../../../arm-none-eabi/lib/armv7-m\libg_nano.a(lib_a-nano-vfprintf_i.o)
 *(vtable)
 *(.eh_frame*)
 *(.glue_7)
 .glue_7        0x08001da1        0x0 linker stubs
 *(.glue_7t)
 .glue_7t       0x08001da1        0x0 linker stubs

.vfp11_veneer   0x08001da4        0x0
 .vfp11_veneer  0x08001da4        0x0 linker stubs

.v4_bx          0x08001da4        0x0
 .v4_bx         0x08001da4        0x0 linker stubs

.iplt           0x08001da4        0x0
 .iplt          0x08001da4        0x0 ./system/src/stm32f1-stdperiph/misc.o

.rel.dyn        0x08001da4        0x0
 .rel.iplt      0x08001da4        0x0 ./system/src/stm32f1-stdperiph/misc.o

.ARM.extab
 *(.ARM.extab* .gnu.linkonce.armextab.*)
                0x08001da4                . = ALIGN (0x4)
                0x08001da4                __exidx_start = .

.ARM.exidx
 *(.ARM.exidx* .gnu.linkonce.armexidx.*)
                0x08001da4                __exidx_end = .
                0x08001da4                . = ALIGN (0x4)
                0x08001da4                _etext = .
                0x08001da4                __etext = .

.data_CCMRAM    0x00000000        0x0 load address 0x08001da4
 FILL mask 0xff
 *(.data.CCMRAM .data.CCMRAM.*)
                0x00000000                . = ALIGN (0x4)
                0x08001da4                _sidata = LOADADDR (.data)

.data           0x20000000       0x98 load address 0x08001da4
 FILL mask 0xff
                0x20000000                _sdata = .
                0x20000000                __data_start__ = .
 *(.data_begin .data_begin.*)
 .data_begin    0x20000000        0x4 ./system/src/newlib/_startup.o
 *(.data .data.*)
 .data.ADCPrescTable
                0x20000004        0x4 ./system/src/stm32f1-stdperiph/stm32f10x_rcc.o
 .data.APBAHBPrescTable
                0x20000008       0x10 ./system/src/stm32f1-stdperiph/stm32f10x_rcc.o
 .data.AHBPrescTable
                0x20000018       0x10 ./system/src/cmsis/system_stm32f10x.o
                0x20000018                AHBPrescTable
 .data.SystemCoreClock
                0x20000028        0x4 ./system/src/cmsis/system_stm32f10x.o
                0x20000028                SystemCoreClock
 .data.__ctype_ptr__
                0x2000002c        0x4 e:/ides/gcc-arm-none-eabi/5.4 2016q2/bin/../lib/gcc/arm-none-eabi/5.4.1/../../../../arm-none-eabi/lib/armv7-m\libg_nano.a(lib_a-ctype_.o)
                0x2000002c                __ctype_ptr__
 .data.impure_data
                0x20000030       0x60 e:/ides/gcc-arm-none-eabi/5.4 2016q2/bin/../lib/gcc/arm-none-eabi/5.4.1/../../../../arm-none-eabi/lib/armv7-m\libg_nano.a(lib_a-impure.o)
 .data._impure_ptr
                0x20000090        0x4 e:/ides/gcc-arm-none-eabi/5.4 2016q2/bin/../lib/gcc/arm-none-eabi/5.4.1/../../../../arm-none-eabi/lib/armv7-m\libg_nano.a(lib_a-impure.o)
                0x20000090                _impure_ptr
 *(.data_end .data_end.*)
 .data_end      0x20000094        0x4 ./system/src/newlib/_startup.o
                0x20000098                . = ALIGN (0x4)
                0x20000098                _edata = .
                0x20000098                __data_end__ = .

.igot.plt       0x20000098        0x0 load address 0x08001e3c
 .igot.plt      0x20000098        0x0 ./system/src/stm32f1-stdperiph/misc.o

.bss_CCMRAM     0x00000000        0x0
 *(.bss.CCMRAM .bss.CCMRAM.*)

.bss            0x20000098      0x1d4
                0x20000098                __bss_start__ = .
                0x20000098                _sbss = .
 *(.bss_begin .bss_begin.*)
 .bss_begin     0x20000098        0x4 ./system/src/newlib/_startup.o
 *(.bss .bss.*)
 .bss.current_heap_end.4453
                0x2000009c        0x4 ./system/src/newlib/_sbrk.o
 .bss.monitor_stdout
                0x200000a0        0x4 ./system/src/newlib/_syscalls.o
 .bss.monitor_stdin
                0x200000a4        0x4 ./system/src/newlib/_syscalls.o
 .bss.argv_buf.6236
                0x200000a8       0x28 ./system/src/newlib/_syscalls.o
 .bss.monitor_stderr
                0x200000d0        0x4 ./system/src/newlib/_syscalls.o
 .bss.args_buf.6235
                0x200000d4       0x50 ./system/src/newlib/_syscalls.o
 .bss.openfiles
                0x20000124       0xa0 ./system/src/newlib/_syscalls.o
 .bss.buf.5645  0x200001c4       0x80 ./system/src/diag/Trace.o
 .bss.__malloc_sbrk_start
                0x20000244        0x4 e:/ides/gcc-arm-none-eabi/5.4 2016q2/bin/../lib/gcc/arm-none-eabi/5.4.1/../../../../arm-none-eabi/lib/armv7-m\libg_nano.a(lib_a-nano-mallocr.o)
                0x20000244                __malloc_sbrk_start
 .bss.__malloc_free_list
                0x20000248        0x4 e:/ides/gcc-arm-none-eabi/5.4 2016q2/bin/../lib/gcc/arm-none-eabi/5.4.1/../../../../arm-none-eabi/lib/armv7-m\libg_nano.a(lib_a-nano-mallocr.o)
                0x20000248                __malloc_free_list
 *(COMMON)
 COMMON         0x2000024c        0x4 ./system/src/newlib/_syscalls.o
                0x2000024c                errno
 COMMON         0x20000250       0x18 ./src/main.o
                0x20000250                GPIO_InitStructure
                0x20000254                RCC_Clocks
 *(.bss_end .bss_end.*)
 .bss_end       0x20000268        0x4 ./system/src/newlib/_startup.o
                0x2000026c                . = ALIGN (0x4)
                0x2000026c                __bss_end__ = .
                0x2000026c                _ebss = .

.noinit_CCMRAM
 *(.noinit.CCMRAM .noinit.CCMRAM.*)

.noinit         0x2000026c        0x0
                0x2000026c                _noinit = .
 *(.noinit .noinit.*)
                0x2000026c                . = ALIGN (0x4)
                0x2000026c                _end_noinit = .
                [!provide]                PROVIDE (end, _end_noinit)
                [!provide]                PROVIDE (_end, _end_noinit)
                [!provide]                PROVIDE (__end, _end_noinit)
                [!provide]                PROVIDE (__end__, _end_noinit)

._check_stack   0x2000026c      0x100
                0x2000036c                . = (. + _Minimum_Stack_Size)
 *fill*         0x2000026c      0x100 

.b1text
 *(.b1text)
 *(.b1rodata)
 *(.b1rodata.*)

.eb0text
 *(.eb0text)
 *(.eb0rodata)
 *(.eb0rodata.*)

.eb1text
 *(.eb1text)
 *(.eb1rodata)
 *(.eb1rodata.*)

.eb2text
 *(.eb2text)
 *(.eb2rodata)
 *(.eb2rodata.*)

.eb3text
 *(.eb3text)
 *(.eb3rodata)
 *(.eb3rodata.*)

.stab
 *(.stab)

.stabstr
 *(.stabstr)

.stab.excl
 *(.stab.excl)

.stab.exclstr
 *(.stab.exclstr)

.stab.index
 *(.stab.index)

.stab.indexstr
 *(.stab.indexstr)

.comment        0x00000000       0x6e
 *(.comment)
 .comment       0x00000000       0x6e ./system/src/stm32f1-stdperiph/stm32f10x_gpio.o
                                 0x6f (size before relaxing)
 .comment       0x0000006e       0x6f ./system/src/stm32f1-stdperiph/stm32f10x_rcc.o
 .comment       0x0000006e       0x6f ./system/src/newlib/_exit.o
 .comment       0x0000006e       0x6f ./system/src/newlib/_sbrk.o
 .comment       0x0000006e       0x6f ./system/src/newlib/_startup.o
 .comment       0x0000006e       0x6f ./system/src/newlib/_syscalls.o
 .comment       0x0000006e       0x6f ./system/src/newlib/assert.o
 .comment       0x0000006e       0x6f ./system/src/diag/Trace.o
 .comment       0x0000006e       0x6f ./system/src/diag/trace_impl.o
 .comment       0x0000006e       0x6f ./system/src/cortexm/_initialize_hardware.o
 .comment       0x0000006e       0x6f ./system/src/cortexm/exception_handlers.o
 .comment       0x0000006e       0x6f ./system/src/cmsis/system_stm32f10x.o
 .comment       0x0000006e       0x6f ./system/src/cmsis/vectors_stm32f10x.o
 .comment       0x0000006e       0x6f ./src/main.o

.ARM.attributes
                0x00000000       0x31
 .ARM.attributes
                0x00000000       0x33 ./system/src/stm32f1-stdperiph/stm32f10x_gpio.o
 .ARM.attributes
                0x00000033       0x33 ./system/src/stm32f1-stdperiph/stm32f10x_rcc.o
 .ARM.attributes
                0x00000066       0x33 ./system/src/newlib/_exit.o
 .ARM.attributes
                0x00000099       0x33 ./system/src/newlib/_sbrk.o
 .ARM.attributes
                0x000000cc       0x33 ./system/src/newlib/_startup.o
 .ARM.attributes
                0x000000ff       0x33 ./system/src/newlib/_syscalls.o
 .ARM.attributes
                0x00000132       0x33 ./system/src/newlib/assert.o
 .ARM.attributes
                0x00000165       0x33 ./system/src/diag/Trace.o
 .ARM.attributes
                0x00000198       0x33 ./system/src/diag/trace_impl.o
 .ARM.attributes
                0x000001cb       0x33 ./system/src/cortexm/_initialize_hardware.o
 .ARM.attributes
                0x000001fe       0x33 ./system/src/cortexm/exception_handlers.o
 .ARM.attributes
                0x00000231       0x33 ./system/src/cmsis/system_stm32f10x.o
 .ARM.attributes
                0x00000264       0x33 ./system/src/cmsis/vectors_stm32f10x.o
 .ARM.attributes
                0x00000297       0x33 ./src/main.o
 .ARM.attributes
                0x000002ca       0x2d e:/ides/gcc-arm-none-eabi/5.4 2016q2/bin/../lib/gcc/arm-none-eabi/5.4.1/../../../../arm-none-eabi/lib/armv7-m\libg_nano.a(lib_a-ctype_.o)
 .ARM.attributes
                0x000002f7       0x2d e:/ides/gcc-arm-none-eabi/5.4 2016q2/bin/../lib/gcc/arm-none-eabi/5.4.1/../../../../arm-none-eabi/lib/armv7-m\libg_nano.a(lib_a-errno.o)
 .ARM.attributes
                0x00000324       0x2d e:/ides/gcc-arm-none-eabi/5.4 2016q2/bin/../lib/gcc/arm-none-eabi/5.4.1/../../../../arm-none-eabi/lib/armv7-m\libg_nano.a(lib_a-findfp.o)
 .ARM.attributes
                0x00000351       0x2d e:/ides/gcc-arm-none-eabi/5.4 2016q2/bin/../lib/gcc/arm-none-eabi/5.4.1/../../../../arm-none-eabi/lib/armv7-m\libg_nano.a(lib_a-impure.o)
 .ARM.attributes
                0x0000037e       0x2d e:/ides/gcc-arm-none-eabi/5.4 2016q2/bin/../lib/gcc/arm-none-eabi/5.4.1/../../../../arm-none-eabi/lib/armv7-m\libg_nano.a(lib_a-nano-mallocr.o)
 .ARM.attributes
                0x000003ab       0x2d e:/ides/gcc-arm-none-eabi/5.4 2016q2/bin/../lib/gcc/arm-none-eabi/5.4.1/../../../../arm-none-eabi/lib/armv7-m\libg_nano.a(lib_a-sbrkr.o)
 .ARM.attributes
                0x000003d8       0x1b e:/ides/gcc-arm-none-eabi/5.4 2016q2/bin/../lib/gcc/arm-none-eabi/5.4.1/../../../../arm-none-eabi/lib/armv7-m\libg_nano.a(lib_a-strcmp.o)
 .ARM.attributes
                0x000003f3       0x17 e:/ides/gcc-arm-none-eabi/5.4 2016q2/bin/../lib/gcc/arm-none-eabi/5.4.1/../../../../arm-none-eabi/lib/armv7-m\libg_nano.a(lib_a-strlen.o)
 .ARM.attributes
                0x0000040a       0x2d e:/ides/gcc-arm-none-eabi/5.4 2016q2/bin/../lib/gcc/arm-none-eabi/5.4.1/../../../../arm-none-eabi/lib/armv7-m\libg_nano.a(lib_a-vsnprintf.o)
 .ARM.attributes
                0x00000437       0x2d e:/ides/gcc-arm-none-eabi/5.4 2016q2/bin/../lib/gcc/arm-none-eabi/5.4.1/../../../../arm-none-eabi/lib/armv7-m\libg_nano.a(lib_a-mlock.o)
 .ARM.attributes
                0x00000464       0x2d e:/ides/gcc-arm-none-eabi/5.4 2016q2/bin/../lib/gcc/arm-none-eabi/5.4.1/../../../../arm-none-eabi/lib/armv7-m\libg_nano.a(lib_a-nano-freer.o)
 .ARM.attributes
                0x00000491       0x2d e:/ides/gcc-arm-none-eabi/5.4 2016q2/bin/../lib/gcc/arm-none-eabi/5.4.1/../../../../arm-none-eabi/lib/armv7-m\libg_nano.a(lib_a-nano-svfprintf.o)
 .ARM.attributes
                0x000004be       0x2d e:/ides/gcc-arm-none-eabi/5.4 2016q2/bin/../lib/gcc/arm-none-eabi/5.4.1/../../../../arm-none-eabi/lib/armv7-m\libg_nano.a(lib_a-nano-vfprintf_i.o)
 .ARM.attributes
                0x000004eb       0x2d e:/ides/gcc-arm-none-eabi/5.4 2016q2/bin/../lib/gcc/arm-none-eabi/5.4.1/../../../../arm-none-eabi/lib/armv7-m\libg_nano.a(lib_a-memchr-stub.o)
 .ARM.attributes
                0x00000518       0x2d e:/ides/gcc-arm-none-eabi/5.4 2016q2/bin/../lib/gcc/arm-none-eabi/5.4.1/../../../../arm-none-eabi/lib/armv7-m\libg_nano.a(lib_a-memcpy-stub.o)
 .ARM.attributes
                0x00000545       0x2d e:/ides/gcc-arm-none-eabi/5.4 2016q2/bin/../lib/gcc/arm-none-eabi/5.4.1/../../../../arm-none-eabi/lib/armv7-m\libg_nano.a(lib_a-memmove.o)
 .ARM.attributes
                0x00000572       0x2d e:/ides/gcc-arm-none-eabi/5.4 2016q2/bin/../lib/gcc/arm-none-eabi/5.4.1/../../../../arm-none-eabi/lib/armv7-m\libg_nano.a(lib_a-nano-reallocr.o)
 .ARM.attributes
                0x0000059f       0x2d e:/ides/gcc-arm-none-eabi/5.4 2016q2/bin/../lib/gcc/arm-none-eabi/5.4.1/../../../../arm-none-eabi/lib/armv7-m\libg_nano.a(lib_a-nano-msizer.o)

.debug
 *(.debug)

.line
 *(.line)

.debug_srcinfo
 *(.debug_srcinfo)

.debug_sfnames
 *(.debug_sfnames)

.debug_aranges  0x00000000      0x5a0
 *(.debug_aranges)
 .debug_aranges
                0x00000000       0xa8 ./system/src/stm32f1-stdperiph/stm32f10x_gpio.o
 .debug_aranges
                0x000000a8      0x118 ./system/src/stm32f1-stdperiph/stm32f10x_rcc.o
 .debug_aranges
                0x000001c0       0x28 ./system/src/newlib/_exit.o
 .debug_aranges
                0x000001e8       0x20 ./system/src/newlib/_sbrk.o
 .debug_aranges
                0x00000208       0x40 ./system/src/newlib/_startup.o
 .debug_aranges
                0x00000248      0x120 ./system/src/newlib/_syscalls.o
 .debug_aranges
                0x00000368       0x28 ./system/src/newlib/assert.o
 .debug_aranges
                0x00000390       0x38 ./system/src/diag/Trace.o
 .debug_aranges
                0x000003c8       0x30 ./system/src/diag/trace_impl.o
 .debug_aranges
                0x000003f8       0x28 ./system/src/cortexm/_initialize_hardware.o
 .debug_aranges
                0x00000420       0x90 ./system/src/cortexm/exception_handlers.o
 .debug_aranges
                0x000004b0       0x38 ./system/src/cmsis/system_stm32f10x.o
 .debug_aranges
                0x000004e8       0x20 ./system/src/cmsis/vectors_stm32f10x.o
 .debug_aranges
                0x00000508       0x98 ./src/main.o

.debug_pubnames
 *(.debug_pubnames)

.debug_info     0x00000000     0x6778
 *(.debug_info .gnu.linkonce.wi.*)
 .debug_info    0x00000000      0xbf7 ./system/src/stm32f1-stdperiph/stm32f10x_gpio.o
 .debug_info    0x00000bf7      0xc9c ./system/src/stm32f1-stdperiph/stm32f10x_rcc.o
 .debug_info    0x00001893       0xef ./system/src/newlib/_exit.o
 .debug_info    0x00001982      0x11f ./system/src/newlib/_sbrk.o
 .debug_info    0x00001aa1      0x45f ./system/src/newlib/_startup.o
 .debug_info    0x00001f00     0x1f2a ./system/src/newlib/_syscalls.o
 .debug_info    0x00003e2a      0x1b9 ./system/src/newlib/assert.o
 .debug_info    0x00003fe3      0x2e6 ./system/src/diag/Trace.o
 .debug_info    0x000042c9      0x315 ./system/src/diag/trace_impl.o
 .debug_info    0x000045de      0x2d2 ./system/src/cortexm/_initialize_hardware.o
 .debug_info    0x000048b0      0x9a4 ./system/src/cortexm/exception_handlers.o
 .debug_info    0x00005254      0x4c3 ./system/src/cmsis/system_stm32f10x.o
 .debug_info    0x00005717       0xd1 ./system/src/cmsis/vectors_stm32f10x.o
 .debug_info    0x000057e8      0xf90 ./src/main.o

.debug_abbrev   0x00000000     0x1731
 *(.debug_abbrev)
 .debug_abbrev  0x00000000      0x1f4 ./system/src/stm32f1-stdperiph/stm32f10x_gpio.o
 .debug_abbrev  0x000001f4      0x1f8 ./system/src/stm32f1-stdperiph/stm32f10x_rcc.o
 .debug_abbrev  0x000003ec       0x8e ./system/src/newlib/_exit.o
 .debug_abbrev  0x0000047a       0xb9 ./system/src/newlib/_sbrk.o
 .debug_abbrev  0x00000533      0x1ac ./system/src/newlib/_startup.o
 .debug_abbrev  0x000006df      0x41e ./system/src/newlib/_syscalls.o
 .debug_abbrev  0x00000afd       0xab ./system/src/newlib/assert.o
 .debug_abbrev  0x00000ba8      0x145 ./system/src/diag/Trace.o
 .debug_abbrev  0x00000ced      0x1c8 ./system/src/diag/trace_impl.o
 .debug_abbrev  0x00000eb5       0xea ./system/src/cortexm/_initialize_hardware.o
 .debug_abbrev  0x00000f9f      0x286 ./system/src/cortexm/exception_handlers.o
 .debug_abbrev  0x00001225      0x159 ./system/src/cmsis/system_stm32f10x.o
 .debug_abbrev  0x0000137e       0x9d ./system/src/cmsis/vectors_stm32f10x.o
 .debug_abbrev  0x0000141b      0x316 ./src/main.o

.debug_line     0x00000000     0x4927
 *(.debug_line)
 .debug_line    0x00000000      0x9e2 ./system/src/stm32f1-stdperiph/stm32f10x_gpio.o
 .debug_line    0x000009e2      0x92c ./system/src/stm32f1-stdperiph/stm32f10x_rcc.o
 .debug_line    0x0000130e      0x2ec ./system/src/newlib/_exit.o
 .debug_line    0x000015fa      0x29e ./system/src/newlib/_sbrk.o
 .debug_line    0x00001898      0x35d ./system/src/newlib/_startup.o
 .debug_line    0x00001bf5      0x833 ./system/src/newlib/_syscalls.o
 .debug_line    0x00002428      0x330 ./system/src/newlib/assert.o
 .debug_line    0x00002758      0x34b ./system/src/diag/Trace.o
 .debug_line    0x00002aa3      0x5db ./system/src/diag/trace_impl.o
 .debug_line    0x0000307e      0x469 ./system/src/cortexm/_initialize_hardware.o
 .debug_line    0x000034e7      0x6b8 ./system/src/cortexm/exception_handlers.o
 .debug_line    0x00003b9f      0x4c9 ./system/src/cmsis/system_stm32f10x.o
 .debug_line    0x00004068      0x1f9 ./system/src/cmsis/vectors_stm32f10x.o
 .debug_line    0x00004261      0x6c6 ./src/main.o

.debug_frame    0x00000000     0x12c0
 *(.debug_frame)
 .debug_frame   0x00000000      0x1e8 ./system/src/stm32f1-stdperiph/stm32f10x_gpio.o
 .debug_frame   0x000001e8      0x31c ./system/src/stm32f1-stdperiph/stm32f10x_rcc.o
 .debug_frame   0x00000504       0x38 ./system/src/newlib/_exit.o
 .debug_frame   0x0000053c       0x28 ./system/src/newlib/_sbrk.o
 .debug_frame   0x00000564       0x7c ./system/src/newlib/_startup.o
 .debug_frame   0x000005e0      0x3d0 ./system/src/newlib/_syscalls.o
 .debug_frame   0x000009b0       0x40 ./system/src/newlib/assert.o
 .debug_frame   0x000009f0       0x94 ./system/src/diag/Trace.o
 .debug_frame   0x00000a84       0x60 ./system/src/diag/trace_impl.o
 .debug_frame   0x00000ae4       0x40 ./system/src/cortexm/_initialize_hardware.o
 .debug_frame   0x00000b24      0x164 ./system/src/cortexm/exception_handlers.o
 .debug_frame   0x00000c88       0x68 ./system/src/cmsis/system_stm32f10x.o
 .debug_frame   0x00000cf0       0x20 ./system/src/cmsis/vectors_stm32f10x.o
 .debug_frame   0x00000d10      0x188 ./src/main.o
 .debug_frame   0x00000e98       0x20 e:/ides/gcc-arm-none-eabi/5.4 2016q2/bin/../lib/gcc/arm-none-eabi/5.4.1/../../../../arm-none-eabi/lib/armv7-m\libg_nano.a(lib_a-errno.o)
 .debug_frame   0x00000eb8      0x11c e:/ides/gcc-arm-none-eabi/5.4 2016q2/bin/../lib/gcc/arm-none-eabi/5.4.1/../../../../arm-none-eabi/lib/armv7-m\libg_nano.a(lib_a-findfp.o)
 .debug_frame   0x00000fd4       0x2c e:/ides/gcc-arm-none-eabi/5.4 2016q2/bin/../lib/gcc/arm-none-eabi/5.4.1/../../../../arm-none-eabi/lib/armv7-m\libg_nano.a(lib_a-nano-mallocr.o)
 .debug_frame   0x00001000       0x2c e:/ides/gcc-arm-none-eabi/5.4 2016q2/bin/../lib/gcc/arm-none-eabi/5.4.1/../../../../arm-none-eabi/lib/armv7-m\libg_nano.a(lib_a-sbrkr.o)
 .debug_frame   0x0000102c       0x20 e:/ides/gcc-arm-none-eabi/5.4 2016q2/bin/../lib/gcc/arm-none-eabi/5.4.1/../../../../arm-none-eabi/lib/armv7-m\libg_nano.a(lib_a-strcmp.o)
 .debug_frame   0x0000104c       0x48 e:/ides/gcc-arm-none-eabi/5.4 2016q2/bin/../lib/gcc/arm-none-eabi/5.4.1/../../../../arm-none-eabi/lib/armv7-m\libg_nano.a(lib_a-vsnprintf.o)
 .debug_frame   0x00001094       0x30 e:/ides/gcc-arm-none-eabi/5.4 2016q2/bin/../lib/gcc/arm-none-eabi/5.4.1/../../../../arm-none-eabi/lib/armv7-m\libg_nano.a(lib_a-mlock.o)
 .debug_frame   0x000010c4       0x38 e:/ides/gcc-arm-none-eabi/5.4 2016q2/bin/../lib/gcc/arm-none-eabi/5.4.1/../../../../arm-none-eabi/lib/armv7-m\libg_nano.a(lib_a-nano-freer.o)
 .debug_frame   0x000010fc       0x90 e:/ides/gcc-arm-none-eabi/5.4 2016q2/bin/../lib/gcc/arm-none-eabi/5.4.1/../../../../arm-none-eabi/lib/armv7-m\libg_nano.a(lib_a-nano-svfprintf.o)
 .debug_frame   0x0000118c       0x60 e:/ides/gcc-arm-none-eabi/5.4 2016q2/bin/../lib/gcc/arm-none-eabi/5.4.1/../../../../arm-none-eabi/lib/armv7-m\libg_nano.a(lib_a-nano-vfprintf_i.o)
 .debug_frame   0x000011ec       0x28 e:/ides/gcc-arm-none-eabi/5.4 2016q2/bin/../lib/gcc/arm-none-eabi/5.4.1/../../../../arm-none-eabi/lib/armv7-m\libg_nano.a(lib_a-memchr-stub.o)
 .debug_frame   0x00001214       0x28 e:/ides/gcc-arm-none-eabi/5.4 2016q2/bin/../lib/gcc/arm-none-eabi/5.4.1/../../../../arm-none-eabi/lib/armv7-m\libg_nano.a(lib_a-memcpy-stub.o)
 .debug_frame   0x0000123c       0x28 e:/ides/gcc-arm-none-eabi/5.4 2016q2/bin/../lib/gcc/arm-none-eabi/5.4.1/../../../../arm-none-eabi/lib/armv7-m\libg_nano.a(lib_a-memmove.o)
 .debug_frame   0x00001264       0x3c e:/ides/gcc-arm-none-eabi/5.4 2016q2/bin/../lib/gcc/arm-none-eabi/5.4.1/../../../../arm-none-eabi/lib/armv7-m\libg_nano.a(lib_a-nano-reallocr.o)
 .debug_frame   0x000012a0       0x20 e:/ides/gcc-arm-none-eabi/5.4 2016q2/bin/../lib/gcc/arm-none-eabi/5.4.1/../../../../arm-none-eabi/lib/armv7-m\libg_nano.a(lib_a-nano-msizer.o)

.debug_str      0x00000000    0x5826d
 *(.debug_str)
 .debug_str     0x00000000    0x4e7c8 ./system/src/stm32f1-stdperiph/stm32f10x_gpio.o
                              0x4e952 (size before relaxing)
 .debug_str     0x0004e7c8      0xb4a ./system/src/stm32f1-stdperiph/stm32f10x_rcc.o
                              0x4ef21 (size before relaxing)
 .debug_str     0x0004f312     0x444f ./system/src/newlib/_exit.o
                               0x6eb7 (size before relaxing)
 .debug_str     0x00053761      0x4de ./system/src/newlib/_sbrk.o
                               0x62a2 (size before relaxing)
 .debug_str     0x00053c3f      0x260 ./system/src/newlib/_startup.o
                               0x5e06 (size before relaxing)
 .debug_str     0x00053e9f     0x256d ./system/src/newlib/_syscalls.o
                               0xa29c (size before relaxing)
 .debug_str     0x0005640c       0xd0 ./system/src/newlib/assert.o
                               0x7991 (size before relaxing)
 .debug_str     0x000564dc      0x168 ./system/src/diag/Trace.o
                               0x7697 (size before relaxing)
 .debug_str     0x00056644       0xa2 ./system/src/diag/trace_impl.o
                              0x51e17 (size before relaxing)
 .debug_str     0x000566e6       0xb2 ./system/src/cortexm/_initialize_hardware.o
                              0x4e431 (size before relaxing)
 .debug_str     0x00056798      0x1f9 ./system/src/cortexm/exception_handlers.o
                              0x52c61 (size before relaxing)
 .debug_str     0x00056991       0xa6 ./system/src/cmsis/system_stm32f10x.o
                              0x4e4e6 (size before relaxing)
 .debug_str     0x00056a37       0x57 ./system/src/cmsis/vectors_stm32f10x.o
                               0x3461 (size before relaxing)
 .debug_str     0x00056a8e     0x17df ./src/main.o
                              0x538d8 (size before relaxing)

.debug_loc      0x00000000     0x2def
 *(.debug_loc)
 .debug_loc     0x00000000      0x776 ./system/src/stm32f1-stdperiph/stm32f10x_gpio.o
 .debug_loc     0x00000776      0x91f ./system/src/stm32f1-stdperiph/stm32f10x_rcc.o
 .debug_loc     0x00001095       0x82 ./system/src/newlib/_sbrk.o
 .debug_loc     0x00001117      0x265 ./system/src/newlib/_startup.o
 .debug_loc     0x0000137c      0xf8a ./system/src/newlib/_syscalls.o
 .debug_loc     0x00002306      0x110 ./system/src/newlib/assert.o
 .debug_loc     0x00002416      0x102 ./system/src/diag/Trace.o
 .debug_loc     0x00002518      0x17c ./system/src/diag/trace_impl.o
 .debug_loc     0x00002694      0x43a ./system/src/cortexm/exception_handlers.o
 .debug_loc     0x00002ace       0xdf ./system/src/cmsis/system_stm32f10x.o
 .debug_loc     0x00002bad      0x242 ./src/main.o

.debug_macinfo
 *(.debug_macinfo)

.debug_weaknames
 *(.debug_weaknames)

.debug_funcnames
 *(.debug_funcnames)

.debug_typenames
 *(.debug_typenames)

.debug_varnames
 *(.debug_varnames)
OUTPUT(OFIJSDOFJ.elf elf32-littlearm)

.debug_ranges   0x00000000      0x540
 .debug_ranges  0x00000000       0x98 ./system/src/stm32f1-stdperiph/stm32f10x_gpio.o
 .debug_ranges  0x00000098      0x108 ./system/src/stm32f1-stdperiph/stm32f10x_rcc.o
 .debug_ranges  0x000001a0       0x18 ./system/src/newlib/_exit.o
 .debug_ranges  0x000001b8       0x10 ./system/src/newlib/_sbrk.o
 .debug_ranges  0x000001c8       0x48 ./system/src/newlib/_startup.o
 .debug_ranges  0x00000210      0x148 ./system/src/newlib/_syscalls.o
 .debug_ranges  0x00000358       0x18 ./system/src/newlib/assert.o
 .debug_ranges  0x00000370       0x28 ./system/src/diag/Trace.o
 .debug_ranges  0x00000398       0x38 ./system/src/diag/trace_impl.o
 .debug_ranges  0x000003d0       0x18 ./system/src/cortexm/_initialize_hardware.o
 .debug_ranges  0x000003e8       0x98 ./system/src/cortexm/exception_handlers.o
 .debug_ranges  0x00000480       0x28 ./system/src/cmsis/system_stm32f10x.o
 .debug_ranges  0x000004a8       0x10 ./system/src/cmsis/vectors_stm32f10x.o
 .debug_ranges  0x000004b8       0x88 ./src/main.o

.debug_macro    0x00000000     0x3f30
 .debug_macro   0x00000000      0x1f8 ./system/src/stm32f1-stdperiph/stm32f10x_gpio.o
 .debug_macro   0x000001f8       0x8b ./system/src/stm32f1-stdperiph/stm32f10x_gpio.o
 .debug_macro   0x00000283      0x2a6 ./system/src/stm32f1-stdperiph/stm32f10x_gpio.o
 .debug_macro   0x00000529      0x2c6 ./system/src/stm32f1-stdperiph/stm32f10x_rcc.o
 .debug_macro   0x000007ef      0x3dc ./system/src/stm32f1-stdperiph/stm32f10x_rcc.o
 .debug_macro   0x00000bcb      0x19c ./system/src/newlib/_exit.o
 .debug_macro   0x00000d67       0x9c ./system/src/newlib/_exit.o
 .debug_macro   0x00000e03      0x10e ./system/src/newlib/_exit.o
 .debug_macro   0x00000f11       0x8d ./system/src/newlib/_exit.o
 .debug_macro   0x00000f9e       0x43 ./system/src/newlib/_exit.o
 .debug_macro   0x00000fe1      0x30d ./system/src/newlib/_exit.o
 .debug_macro   0x000012ee       0x35 ./system/src/newlib/_exit.o
 .debug_macro   0x00001323      0x151 ./system/src/newlib/_sbrk.o
 .debug_macro   0x00001474      0x174 ./system/src/newlib/_sbrk.o
 .debug_macro   0x000015e8       0x10 ./system/src/newlib/_sbrk.o
 .debug_macro   0x000015f8      0x23b ./system/src/newlib/_sbrk.o
 .debug_macro   0x00001833      0x170 ./system/src/newlib/_startup.o
 .debug_macro   0x000019a3       0x52 ./system/src/newlib/_startup.o
 .debug_macro   0x000019f5      0x2b8 ./system/src/newlib/_syscalls.o
 .debug_macro   0x00001cad       0x10 ./system/src/newlib/_syscalls.o
 .debug_macro   0x00001cbd       0x10 ./system/src/newlib/_syscalls.o
 .debug_macro   0x00001ccd       0x10 ./system/src/newlib/_syscalls.o
 .debug_macro   0x00001cdd       0x35 ./system/src/newlib/_syscalls.o
 .debug_macro   0x00001d12      0x122 ./system/src/newlib/_syscalls.o
 .debug_macro   0x00001e34      0x1da ./system/src/newlib/_syscalls.o
 .debug_macro   0x0000200e       0x10 ./system/src/newlib/_syscalls.o
 .debug_macro   0x0000201e       0x1c ./system/src/newlib/_syscalls.o
 .debug_macro   0x0000203a       0x10 ./system/src/newlib/_syscalls.o
 .debug_macro   0x0000204a       0x16 ./system/src/newlib/_syscalls.o
 .debug_macro   0x00002060      0x189 ./system/src/newlib/_syscalls.o
 .debug_macro   0x000021e9       0x16 ./system/src/newlib/_syscalls.o
 .debug_macro   0x000021ff       0x88 ./system/src/newlib/_syscalls.o
 .debug_macro   0x00002287      0x241 ./system/src/newlib/_syscalls.o
 .debug_macro   0x000024c8       0x16 ./system/src/newlib/_syscalls.o
 .debug_macro   0x000024de       0x3a ./system/src/newlib/_syscalls.o
 .debug_macro   0x00002518       0xac ./system/src/newlib/_syscalls.o
 .debug_macro   0x000025c4      0x159 ./system/src/newlib/_syscalls.o
 .debug_macro   0x0000271d       0x16 ./system/src/newlib/_syscalls.o
 .debug_macro   0x00002733       0x22 ./system/src/newlib/_syscalls.o
 .debug_macro   0x00002755      0x1c7 ./system/src/newlib/assert.o
 .debug_macro   0x0000291c       0x1c ./system/src/newlib/assert.o
 .debug_macro   0x00002938      0x1c9 ./system/src/diag/Trace.o
 .debug_macro   0x00002b01       0x16 ./system/src/diag/Trace.o
 .debug_macro   0x00002b17       0x97 ./system/src/diag/Trace.o
 .debug_macro   0x00002bae       0xfd ./system/src/diag/Trace.o
 .debug_macro   0x00002cab       0x52 ./system/src/diag/Trace.o
 .debug_macro   0x00002cfd      0x2d7 ./system/src/diag/trace_impl.o
 .debug_macro   0x00002fd4       0x10 ./system/src/diag/trace_impl.o
 .debug_macro   0x00002fe4       0xcf ./system/src/diag/trace_impl.o
 .debug_macro   0x000030b3       0xbe ./system/src/diag/trace_impl.o
 .debug_macro   0x00003171      0x1aa ./system/src/cortexm/_initialize_hardware.o
 .debug_macro   0x0000331b      0x322 ./system/src/cortexm/exception_handlers.o
 .debug_macro   0x0000363d       0x3b ./system/src/cortexm/exception_handlers.o
 .debug_macro   0x00003678       0x10 ./system/src/cortexm/exception_handlers.o
 .debug_macro   0x00003688      0x1ad ./system/src/cmsis/system_stm32f10x.o
 .debug_macro   0x00003835       0x73 ./system/src/cmsis/vectors_stm32f10x.o
 .debug_macro   0x000038a8      0x2fd ./src/main.o
 .debug_macro   0x00003ba5      0x1e1 ./src/main.o
 .debug_macro   0x00003d86      0x1aa ./src/main.o
